[0.023s] Invoking command in '/home/world/ws_slam/src/fast_lio/build/fast_lio': CMAKE_PREFIX_PATH=${CMAKE_PREFIX_PATH}:/home/world/ws_slam/install/semantic_mapper:/opt/ros/humble /usr/bin/cmake /home/world/ws_slam/src/fast_lio -DCMAKE_INSTALL_PREFIX=/home/world/ws_slam/src/fast_lio/install/fast_lio
[0.144s] -- The C compiler identification is GNU 11.4.0
[0.312s] -- The CXX compiler identification is GNU 11.4.0
[0.338s] -- Detecting C compiler ABI info
[0.492s] -- Detecting C compiler ABI info - done
[0.517s] -- Check for working C compiler: /usr/bin/cc - skipped
[0.518s] -- Detecting C compile features
[0.520s] -- Detecting C compile features - done
[0.531s] -- Detecting CXX compiler ABI info
[0.706s] -- Detecting CXX compiler ABI info - done
[0.731s] -- Check for working CXX compiler: /usr/bin/c++ - skipped
[0.732s] -- Detecting CXX compile features
[0.734s] -- Detecting CXX compile features - done
[0.736s] [0mCurrent CPU archtecture: aarch64[0m
[1.514s] -- Found PythonLibs: /usr/lib/aarch64-linux-gnu/libpython3.10.so (found version "3.10.12") 
[1.523s] -- Found ament_cmake: 1.3.12 (/opt/ros/humble/share/ament_cmake/cmake)
[2.324s] -- Found Python3: /usr/bin/python3 (found version "3.10.12") found components: Interpreter 
[2.560s] -- Found rclcpp: 16.0.15 (/opt/ros/humble/share/rclcpp/cmake)
[2.647s] -- Found rosidl_generator_c: 3.1.7 (/opt/ros/humble/share/rosidl_generator_c/cmake)
[2.657s] -- Found rosidl_adapter: 3.1.7 (/opt/ros/humble/share/rosidl_adapter/cmake)
[2.674s] -- Found rosidl_generator_cpp: 3.1.7 (/opt/ros/humble/share/rosidl_generator_cpp/cmake)
[2.698s] -- Using all available rosidl_typesupport_c: rosidl_typesupport_fastrtps_c;rosidl_typesupport_introspection_c
[2.729s] -- Using all available rosidl_typesupport_cpp: rosidl_typesupport_fastrtps_cpp;rosidl_typesupport_introspection_cpp
[2.816s] -- Found rmw_implementation_cmake: 6.1.2 (/opt/ros/humble/share/rmw_implementation_cmake/cmake)
[2.821s] -- Found rmw_fastrtps_cpp: 6.2.8 (/opt/ros/humble/share/rmw_fastrtps_cpp/cmake)
[3.014s] -- Found OpenSSL: /usr/lib/aarch64-linux-gnu/libcrypto.so (found version "3.0.2")  
[3.079s] -- Found FastRTPS: /opt/ros/humble/include  
[3.157s] -- Using RMW implementation 'rmw_fastrtps_cpp' as default
[3.176s] -- Looking for pthread.h
[3.331s] -- Looking for pthread.h - found
[3.333s] -- Performing Test CMAKE_HAVE_LIBC_PTHREAD
[3.506s] -- Performing Test CMAKE_HAVE_LIBC_PTHREAD - Success
[3.511s] -- Found Threads: TRUE  
[3.656s] -- Found rclcpp_components: 16.0.15 (/opt/ros/humble/share/rclcpp_components/cmake)
[3.716s] -- Found geometry_msgs: 4.9.0 (/opt/ros/humble/share/geometry_msgs/cmake)
[3.744s] -- Found nav_msgs: 4.9.0 (/opt/ros/humble/share/nav_msgs/cmake)
[3.781s] -- Found sensor_msgs: 4.9.0 (/opt/ros/humble/share/sensor_msgs/cmake)
[3.817s] -- Found std_srvs: 4.9.0 (/opt/ros/humble/share/std_srvs/cmake)
[3.838s] -- Found visualization_msgs: 4.9.0 (/opt/ros/humble/share/visualization_msgs/cmake)
[3.880s] -- Found pcl_ros: 2.4.5 (/opt/ros/humble/share/pcl_ros/cmake)
[3.972s] -- Checking for module 'eigen3'
[4.002s] --   Found eigen3, version 3.4.0
[4.082s] -- Found Eigen: /usr/include/eigen3 (Required is at least version "3.1") 
[4.082s] -- Eigen found (include: /usr/include/eigen3, version: 3.4.0)
[4.167s] -- Checking for module 'flann'
[4.200s] --   Found flann, version 1.9.1
[4.305s] -- Found FLANN: /usr/lib/aarch64-linux-gnu/libflann_cpp.so  
[4.305s] -- FLANN found (include: /usr/include, lib: /usr/lib/aarch64-linux-gnu/libflann_cpp.so)
[6.460s] -- Checking for module 'libusb-1.0'
[6.500s] --   Found libusb-1.0, version 1.0.25
[6.594s] -- Found libusb: /usr/lib/aarch64-linux-gnu/libusb-1.0.so  
[6.597s] -- OpenNI found (version: 1.5.4.0, include: /usr/include/ni, lib: /usr/lib/libOpenNI.so;libusb::libusb)
[6.750s] -- OpenNI2 found (version: 2.2.0.33, include: /usr/include/openni2, lib: /usr/lib/aarch64-linux-gnu/libOpenNI2.so;libusb::libusb)
[7.049s] -- Eigen found (include: /usr/include/eigen3, version: 3.4.0)
[7.062s] -- OpenNI found (version: 1.5.4.0, include: /usr/include/ni, lib: /usr/lib/libOpenNI.so;libusb::libusb)
[7.077s] -- OpenNI2 found (version: 2.2.0.33, include: /usr/include/openni2, lib: /usr/lib/aarch64-linux-gnu/libOpenNI2.so;libusb::libusb)
[7.346s] -- Found Qhull version 8.0.2
[7.629s] -- OpenNI found (version: 1.5.4.0, include: /usr/include/ni, lib: /usr/lib/libOpenNI.so;libusb::libusb)
[7.898s] -- Found PCL_COMMON: /usr/lib/aarch64-linux-gnu/libpcl_common.so  
[7.901s] -- Found PCL_KDTREE: /usr/lib/aarch64-linux-gnu/libpcl_kdtree.so  
[7.902s] -- Found PCL_OCTREE: /usr/lib/aarch64-linux-gnu/libpcl_octree.so  
[7.904s] -- Found PCL_SEARCH: /usr/lib/aarch64-linux-gnu/libpcl_search.so  
[7.906s] -- Found PCL_SAMPLE_CONSENSUS: /usr/lib/aarch64-linux-gnu/libpcl_sample_consensus.so  
[7.907s] -- Found PCL_FILTERS: /usr/lib/aarch64-linux-gnu/libpcl_filters.so  
[7.908s] -- Found PCL_2D: /usr/include/pcl-1.12  
[7.909s] -- Found PCL_GEOMETRY: /usr/include/pcl-1.12  
[7.911s] -- Found PCL_IO: /usr/lib/aarch64-linux-gnu/libpcl_io.so  
[7.913s] -- Found PCL_FEATURES: /usr/lib/aarch64-linux-gnu/libpcl_features.so  
[7.914s] -- Found PCL_ML: /usr/lib/aarch64-linux-gnu/libpcl_ml.so  
[7.916s] -- Found PCL_SEGMENTATION: /usr/lib/aarch64-linux-gnu/libpcl_segmentation.so  
[7.918s] -- Found PCL_VISUALIZATION: /usr/lib/aarch64-linux-gnu/libpcl_visualization.so  
[7.920s] -- Found PCL_SURFACE: /usr/lib/aarch64-linux-gnu/libpcl_surface.so  
[7.922s] -- Found PCL_REGISTRATION: /usr/lib/aarch64-linux-gnu/libpcl_registration.so  
[7.924s] -- Found PCL_KEYPOINTS: /usr/lib/aarch64-linux-gnu/libpcl_keypoints.so  
[7.926s] -- Found PCL_TRACKING: /usr/lib/aarch64-linux-gnu/libpcl_tracking.so  
[7.927s] -- Found PCL_RECOGNITION: /usr/lib/aarch64-linux-gnu/libpcl_recognition.so  
[7.929s] -- Found PCL_STEREO: /usr/lib/aarch64-linux-gnu/libpcl_stereo.so  
[7.931s] -- Found PCL_APPS: /usr/lib/aarch64-linux-gnu/libpcl_apps.so  
[7.933s] -- Found PCL_IN_HAND_SCANNER: /usr/include/pcl-1.12  
[7.933s] -- Found PCL_MODELER: /usr/include/pcl-1.12  
[7.934s] -- Found PCL_POINT_CLOUD_EDITOR: /usr/include/pcl-1.12  
[7.936s] -- Found PCL_OUTOFCORE: /usr/lib/aarch64-linux-gnu/libpcl_outofcore.so  
[7.938s] -- Found PCL_PEOPLE: /usr/lib/aarch64-linux-gnu/libpcl_people.so  
[7.994s] -- Found eigen3_cmake_module: 0.1.1 (/opt/ros/humble/share/eigen3_cmake_module/cmake)
[7.996s] -- Found Eigen3: TRUE (found version "3.4.0") 
[7.997s] -- Ensuring Eigen3 include directory is part of orocos-kdl CMake target
[8.131s] -- Found livox_ros_driver2: 1.0.0 (/home/world/ws_slam/install/livox_ros_driver2/share/livox_ros_driver2/cmake)
[8.171s] -- Found rosidl_default_generators: 1.2.0 (/opt/ros/humble/share/rosidl_default_generators/cmake)
[8.190s] [33mCMake Warning (dev) at CMakeLists.txt:81 (find_package):
[8.191s]   Policy CMP0074 is not set: find_package uses <PackageName>_ROOT variables.
[8.191s]   Run "cmake --help-policy CMP0074" for policy details.  Use the cmake_policy
[8.191s]   command to set the policy and suppress this warning.
[8.191s] 
[8.191s]   CMake variable PCL_ROOT is set to:
[8.191s] 
[8.192s]     /usr
[8.192s] 
[8.192s]   For compatibility, CMake is ignoring the variable.
[8.192s] This warning is for project developers.  Use -Wno-dev to suppress it.
[8.192s] [0m
[8.206s] -- PCL: /usr/include/pcl-1.12
[8.207s] [0mEigen:/usr/include/eigen3[0m
[8.758s] -- Found ament_cmake_ros: 0.10.0 (/opt/ros/humble/share/ament_cmake_ros/cmake)
[9.506s] -- Using all available rosidl_typesupport_c: rosidl_typesupport_fastrtps_c;rosidl_typesupport_introspection_c
[9.802s] -- Using all available rosidl_typesupport_cpp: rosidl_typesupport_fastrtps_cpp;rosidl_typesupport_introspection_cpp
[9.861s] -- Found PythonInterp: /usr/bin/python3 (found suitable version "3.10.12", minimum required is "3.6") 
[9.868s] -- Found python_cmake_module: 0.10.0 (/opt/ros/humble/share/python_cmake_module/cmake)
[9.931s] -- Found PythonLibs: /usr/lib/aarch64-linux-gnu/libpython3.10.so (found suitable version "3.10.12", minimum required is "3.5") 
[9.931s] -- Using PYTHON_EXECUTABLE: /usr/bin/python3
[9.931s] -- Using PYTHON_INCLUDE_DIRS: /usr/include/python3.10
[9.932s] -- Using PYTHON_LIBRARIES: /usr/lib/aarch64-linux-gnu/libpython3.10.so
[9.981s] -- Found PythonExtra: .so  
[10.131s] -- Configuring done
[10.307s] -- Generating done
[10.352s] -- Build files have been written to: /home/world/ws_slam/src/fast_lio/build/fast_lio
[10.418s] Invoked command in '/home/world/ws_slam/src/fast_lio/build/fast_lio' returned '0': CMAKE_PREFIX_PATH=${CMAKE_PREFIX_PATH}:/home/world/ws_slam/install/semantic_mapper:/opt/ros/humble /usr/bin/cmake /home/world/ws_slam/src/fast_lio -DCMAKE_INSTALL_PREFIX=/home/world/ws_slam/src/fast_lio/install/fast_lio
[10.424s] Invoking command in '/home/world/ws_slam/src/fast_lio/build/fast_lio': CMAKE_PREFIX_PATH=${CMAKE_PREFIX_PATH}:/home/world/ws_slam/install/semantic_mapper:/opt/ros/humble /usr/bin/cmake --build /home/world/ws_slam/src/fast_lio/build/fast_lio -- -j8 -l8
[10.517s] [  2%] [34m[1mGenerating C code for ROS interfaces[0m
[10.537s] [  5%] [34m[1mGenerating C++ code for ROS interfaces[0m
[10.555s] [  5%] Built target ament_cmake_python_copy_fast_lio
[11.030s] running egg_info
[11.067s] creating fast_lio.egg-info
[11.067s] writing fast_lio.egg-info/PKG-INFO
[11.068s] writing dependency_links to fast_lio.egg-info/dependency_links.txt
[11.069s] writing top-level names to fast_lio.egg-info/top_level.txt
[11.069s] writing manifest file 'fast_lio.egg-info/SOURCES.txt'
[11.187s] [  8%] [32mBuilding C object CMakeFiles/fast_lio__rosidl_generator_c.dir/rosidl_generator_c/fast_lio/msg/detail/pose6_d__functions.c.o[0m
[11.188s] reading manifest file 'fast_lio.egg-info/SOURCES.txt'
[11.190s] writing manifest file 'fast_lio.egg-info/SOURCES.txt'
[11.208s] [  8%] Built target fast_lio__cpp
[11.228s] [ 14%] [34m[1mGenerating C++ introspection for ROS interfaces[0m
[11.228s] [ 14%] [34m[1mGenerating C++ type support dispatch for ROS interfaces[0m
[11.229s] [ 17%] [34m[1mGenerating C++ type support for eProsima Fast-RTPS[0m
[11.284s] [ 17%] Built target ament_cmake_python_build_fast_lio_egg
[11.440s] [ 20%] [32m[1mLinking C shared library libfast_lio__rosidl_generator_c.so[0m
[11.511s] [ 20%] Built target fast_lio__rosidl_generator_c
[11.533s] [ 25%] [34m[1mGenerating C introspection for ROS interfaces[0m
[11.533s] [ 25%] [34m[1mGenerating C type support dispatch for ROS interfaces[0m
[11.534s] [ 28%] [34m[1mGenerating C type support for eProsima Fast-RTPS[0m
[11.849s] [ 31%] [32mBuilding CXX object CMakeFiles/fast_lio__rosidl_typesupport_cpp.dir/rosidl_typesupport_cpp/fast_lio/msg/pose6_d__type_support.cpp.o[0m
[11.889s] [ 34%] [32mBuilding CXX object CMakeFiles/fast_lio__rosidl_typesupport_introspection_cpp.dir/rosidl_typesupport_introspection_cpp/fast_lio/msg/detail/pose6_d__type_support.cpp.o[0m
[12.007s] [ 37%] [32mBuilding CXX object CMakeFiles/fast_lio__rosidl_typesupport_fastrtps_cpp.dir/rosidl_typesupport_fastrtps_cpp/fast_lio/msg/detail/dds_fastrtps/pose6_d__type_support.cpp.o[0m
[12.154s] [ 40%] [32mBuilding CXX object CMakeFiles/fast_lio__rosidl_typesupport_c.dir/rosidl_typesupport_c/fast_lio/msg/pose6_d__type_support.cpp.o[0m
[12.210s] [ 42%] [32mBuilding CXX object CMakeFiles/fast_lio__rosidl_typesupport_fastrtps_c.dir/rosidl_typesupport_fastrtps_c/fast_lio/msg/detail/pose6_d__type_support_c.cpp.o[0m
[12.223s] [ 45%] [32m[1mLinking CXX shared library libfast_lio__rosidl_typesupport_c.so[0m
[12.227s] [ 48%] [32mBuilding C object CMakeFiles/fast_lio__rosidl_typesupport_introspection_c.dir/rosidl_typesupport_introspection_c/fast_lio/msg/detail/pose6_d__type_support.c.o[0m
[12.302s] [ 48%] Built target fast_lio__rosidl_typesupport_c
[12.376s] [ 51%] [32m[1mLinking C shared library libfast_lio__rosidl_typesupport_introspection_c.so[0m
[12.440s] [ 51%] Built target fast_lio__rosidl_typesupport_introspection_c
[12.503s] [ 54%] [32m[1mLinking CXX shared library libfast_lio__rosidl_typesupport_cpp.so[0m
[12.580s] [ 54%] Built target fast_lio__rosidl_typesupport_cpp
[12.628s] [ 62%] [32mBuilding CXX object CMakeFiles/fastlio_mapping.dir/include/ikd-Tree/ikd_Tree.cpp.o[0m
[12.629s] [ 62%] [32mBuilding CXX object CMakeFiles/fastlio_mapping.dir/src/preprocess.cpp.o[0m
[12.629s] [ 62%] [32mBuilding CXX object CMakeFiles/fastlio_mapping.dir/src/laserMapping.cpp.o[0m
[12.871s] [ 65%] [32m[1mLinking CXX shared library libfast_lio__rosidl_typesupport_introspection_cpp.so[0m
[12.948s] [ 65%] Built target fast_lio__rosidl_typesupport_introspection_cpp
[13.021s] [ 68%] [32m[1mLinking CXX shared library libfast_lio__rosidl_typesupport_fastrtps_c.so[0m
[13.129s] [ 71%] [32m[1mLinking CXX shared library libfast_lio__rosidl_typesupport_fastrtps_cpp.so[0m
[13.188s] [ 71%] Built target fast_lio__rosidl_typesupport_fastrtps_c
[13.283s] [ 71%] Built target fast_lio__rosidl_typesupport_fastrtps_cpp
[13.327s] [ 71%] Built target fast_lio
[13.370s] [ 74%] [34m[1mGenerating Python code for ROS interfaces[0m
[14.284s] [ 74%] Built target fast_lio__py
[14.324s] [ 77%] [32mBuilding C object CMakeFiles/fast_lio__rosidl_generator_py.dir/rosidl_generator_py/fast_lio/msg/_pose6_d_s.c.o[0m
[14.636s] [ 80%] [32m[1mLinking C shared library rosidl_generator_py/fast_lio/libfast_lio__rosidl_generator_py.so[0m
[14.708s] [ 80%] Built target fast_lio__rosidl_generator_py
[14.750s] [ 88%] [32mBuilding C object CMakeFiles/fast_lio__rosidl_typesupport_introspection_c__pyext.dir/rosidl_generator_py/fast_lio/_fast_lio_s.ep.rosidl_typesupport_introspection_c.c.o[0m
[14.750s] [ 88%] [32mBuilding C object CMakeFiles/fast_lio__rosidl_typesupport_c__pyext.dir/rosidl_generator_py/fast_lio/_fast_lio_s.ep.rosidl_typesupport_c.c.o[0m
[14.750s] [ 88%] [32mBuilding C object CMakeFiles/fast_lio__rosidl_typesupport_fastrtps_c__pyext.dir/rosidl_generator_py/fast_lio/_fast_lio_s.ep.rosidl_typesupport_fastrtps_c.c.o[0m
[14.995s] [ 94%] [32m[1mLinking C shared library rosidl_generator_py/fast_lio/fast_lio_s__rosidl_typesupport_c.cpython-310-aarch64-linux-gnu.so[0m
[14.996s] [ 94%] [32m[1mLinking C shared library rosidl_generator_py/fast_lio/fast_lio_s__rosidl_typesupport_fastrtps_c.cpython-310-aarch64-linux-gnu.so[0m
[15.027s] [ 97%] [32m[1mLinking C shared library rosidl_generator_py/fast_lio/fast_lio_s__rosidl_typesupport_introspection_c.cpython-310-aarch64-linux-gnu.so[0m
[15.066s] [ 97%] Built target fast_lio__rosidl_typesupport_fastrtps_c__pyext
[15.066s] [ 97%] Built target fast_lio__rosidl_typesupport_c__pyext
[15.098s] [ 97%] Built target fast_lio__rosidl_typesupport_introspection_c__pyext
[27.551s] In file included from [01m[K/usr/include/boost/smart_ptr/detail/sp_thread_sleep.hpp:22[m[K,
[27.552s]                  from [01m[K/usr/include/boost/smart_ptr/detail/yield_k.hpp:23[m[K,
[27.552s]                  from [01m[K/usr/include/boost/smart_ptr/detail/spinlock_gcc_atomic.hpp:14[m[K,
[27.552s]                  from [01m[K/usr/include/boost/smart_ptr/detail/spinlock.hpp:42[m[K,
[27.552s]                  from [01m[K/usr/include/boost/smart_ptr/detail/spinlock_pool.hpp:25[m[K,
[27.552s]                  from [01m[K/usr/include/boost/smart_ptr/shared_ptr.hpp:29[m[K,
[27.552s]                  from [01m[K/usr/include/boost/shared_ptr.hpp:17[m[K,
[27.552s]                  from [01m[K/usr/include/boost/date_time/microsec_time_clock.hpp:18[m[K,
[27.553s]                  from [01m[K/usr/include/boost/interprocess/detail/posix_time_types_wrk.hpp:31[m[K,
[27.553s]                  from [01m[K/usr/include/boost/interprocess/detail/os_thread_functions.hpp:36[m[K,
[27.553s]                  from [01m[K/usr/include/boost/interprocess/sync/file_lock.hpp:26[m[K,
[27.553s]                  from [01m[K/usr/include/pcl-1.12/pcl/io/pcd_io.h:46[m[K,
[27.553s]                  from [01m[K/opt/ros/humble/include/pcl_conversions/pcl_conversions/pcl_conversions.h:73[m[K,
[27.553s]                  from [01m[K/home/world/ws_slam/src/fast_lio/src/IMU_Processing.hpp:18[m[K,
[27.553s]                  from [01m[K/home/world/ws_slam/src/fast_lio/src/laserMapping.cpp:47[m[K:
[27.553s] [01m[K/usr/include/boost/bind.hpp:36:1:[m[K [01;36m[Knote: [m[K‘[01m[K#pragma message: The practice of declaring the Bind placeholders (_1, _2, ...) in the global namespace is deprecated. Please use <boost/bind/bind.hpp> + using namespace boost::placeholders, or define BOOST_BIND_GLOBAL_PLACEHOLDERS to retain the current behavior.[m[K’
[27.554s]    36 | [01;36m[KBOOST_PRAGMA_MESSAGE[m[K(
[27.554s]       | [01;36m[K^~~~~~~~~~~~~~~~~~~~[m[K
[32.053s] [01m[K/home/world/ws_slam/src/fast_lio/src/laserMapping.cpp:[m[K In function ‘[01m[Kvoid publish_map(rclcpp::Publisher<sensor_msgs::msg::PointCloud2_<std::allocator<void> > >::SharedPtr)[m[K’:
[32.053s] [01m[K/home/world/ws_slam/src/fast_lio/src/laserMapping.cpp:592:21:[m[K [01;31m[Kerror: [m[K‘[01m[Kz_clip_min_[m[K’ was not declared in this scope
[32.054s]   592 |         if (pw.z >= [01;31m[Kz_clip_min_[m[K && pw.z <= z_clip_max_)
[32.054s]       |                     [01;31m[K^~~~~~~~~~~[m[K
[32.089s] [01m[K/home/world/ws_slam/src/fast_lio/src/laserMapping.cpp:592:44:[m[K [01;31m[Kerror: [m[K‘[01m[Kz_clip_max_[m[K’ was not declared in this scope
[32.089s]   592 | = z_clip_min_ && pw.z <= [01;31m[Kz_clip_max_[m[K)
[32.089s]       |                          [01;31m[K^~~~~~~~~~~[m[K
[32.089s] 
[32.151s] [01m[K/home/world/ws_slam/src/fast_lio/src/laserMapping.cpp:598:9:[m[K [01;31m[Kerror: [m[K‘[01m[Kmap_z_clip_apply_full_[m[K’ was not declared in this scope
[32.152s]   598 |     if ([01;31m[Kmap_z_clip_apply_full_[m[K && !pcl_wait_pub->empty())
[32.152s]       |         [01;31m[K^~~~~~~~~~~~~~~~~~~~~~[m[K
[32.187s] [01m[K/home/world/ws_slam/src/fast_lio/src/laserMapping.cpp:604:25:[m[K [01;31m[Kerror: [m[K‘[01m[Kz_clip_min_[m[K’ was not declared in this scope
[32.187s]   604 |             if (pt.z >= [01;31m[Kz_clip_min_[m[K && pt.z <= z_clip_max_) tmp->push_back(pt);
[32.187s]       |                         [01;31m[K^~~~~~~~~~~[m[K
[32.220s] [01m[K/home/world/ws_slam/src/fast_lio/src/laserMapping.cpp:604:48:[m[K [01;31m[Kerror: [m[K‘[01m[Kz_clip_max_[m[K’ was not declared in this scope
[32.220s]   604 | = z_clip_min_ && pt.z <= [01;31m[Kz_clip_max_[m[K) tmp->push_back(pt);
[32.221s]       |                          [01;31m[K^~~~~~~~~~~[m[K
[32.221s] 
[40.755s] In file included from [01m[K/home/world/ws_slam/src/fast_lio/include/IKFoM_toolkit/esekfom/../mtk/types/SOn.hpp:83[m[K,
[40.755s]                  from [01m[K/home/world/ws_slam/src/fast_lio/include/IKFoM_toolkit/esekfom/esekfom.hpp:49[m[K,
[40.756s]                  from [01m[K/home/world/ws_slam/src/fast_lio/include/use-ikfom.hpp:4[m[K,
[40.756s]                  from [01m[K/home/world/ws_slam/src/fast_lio/src/IMU_Processing.hpp:22[m[K,
[40.756s]                  from [01m[K/home/world/ws_slam/src/fast_lio/src/laserMapping.cpp:47[m[K:
[40.756s] /home/world/ws_slam/src/fast_lio/include/IKFoM_toolkit/esekfom/../mtk/types/../src/mtkmath.hpp: In instantiation of ‘[01m[Kstd::pair<_FIter, _FIter> MTK::cos_sinc_sqrt(const scalar&) [with scalar = double][m[K’:
[40.756s] [01m[K/home/world/ws_slam/src/fast_lio/include/IKFoM_toolkit/esekfom/../mtk/types/../src/mtkmath.hpp:252:52:[m[K   required from ‘[01m[Kscalar MTK::exp(MTK::vectview<scalar, dim>, MTK::vectview<const scalar, dim>, const scalar&) [with scalar = double; int n = 3][m[K’
[40.756s] [01m[K/home/world/ws_slam/src/fast_lio/include/IKFoM_toolkit/esekfom/../mtk/types/S2.hpp:140:32:[m[K   required from ‘[01m[Kvoid MTK::S2<_scalar, den, num, S2_typ>::boxplus(MTK::vectview<const _scalar, 2>, MTK::S2<_scalar, den, num, S2_typ>::scalar) [with _scalar = double; int den = 98090; int num = 10000; int S2_typ = 1; MTK::S2<_scalar, den, num, S2_typ>::scalar = double][m[K’
[40.756s] [01m[K/home/world/ws_slam/src/fast_lio/include/use-ikfom.hpp:12:1:[m[K   required from here
[40.757s] [01m[K/home/world/ws_slam/src/fast_lio/include/IKFoM_toolkit/esekfom/../mtk/types/../src/mtkmath.hpp:143:27:[m[K [01;36m[Knote: [m[Kparameter passing for argument of type ‘[01m[Kstd::pair<double, double>[m[K’ when C++17 is enabled changed to match C++14 ]8;;https://gcc.gnu.org/gcc-10/changes.html#empty_basein GCC 10.1]8;;
[40.757s]   143 | td::pair<scalar, scalar> [01;36m[Kcos_sinc_sqrt[m[K(const scalar &x2){
[40.757s]       |                          [01;36m[K^~~~~~~~~~~~~[m[K
[40.757s] 
[110.464s] gmake[2]: *** [CMakeFiles/fastlio_mapping.dir/build.make:76: CMakeFiles/fastlio_mapping.dir/src/laserMapping.cpp.o] Error 1
[110.465s] gmake[1]: *** [CMakeFiles/Makefile2:593: CMakeFiles/fastlio_mapping.dir/all] Error 2
[110.466s] gmake: *** [Makefile:146: all] Error 2
[110.473s] Invoked command in '/home/world/ws_slam/src/fast_lio/build/fast_lio' returned '2': CMAKE_PREFIX_PATH=${CMAKE_PREFIX_PATH}:/home/world/ws_slam/install/semantic_mapper:/opt/ros/humble /usr/bin/cmake --build /home/world/ws_slam/src/fast_lio/build/fast_lio -- -j8 -l8
